{
  "languages": ["Deutsch","English","English (UK)","Français","Nederlands","Norsk","Türkçe","català","dansk","español","hrvatski","italiano","magyar","polski","português (Brasil)","română","slovenský","slovenščina","suomi","svenska","čeština","русский","українська","中文 (简体)","中文 (繁體)","日本語","한국어"]
}