{
  "developer": {
    "name": "Emil Burzo",
    "address": null,
    "website": null,
    "email": "contact@emilburzo.com",
    "trader": false
  }
}